// Jest Snapshot v1, https://goo.gl/fbAQLP

exports[`snapshot match 1`] = `
<p>
  La p√°gina solicitada no existe
</p>
`;
